// Jest Snapshot v1, https://goo.gl/fbAQLP

exports[`TodoDetail render 1`] = `
<a href="/todos" class="">Back to list</a>
<h2>todo-detail</h2>
<p><a aria-current="page" href="/todos/1/edit" class="router-link-active router-link-exact-active">Edit this todo</a></p>
<table>
  <tbody>
    <tr>
      <td>title</td>
      <td>title</td>
    </tr>
    <tr>
      <td>completed</td>
      <td>false</td>
    </tr>
    <tr>
      <td>createdAt</td>
      <td>1970-01-02T10:17:36.789Z</td>
    </tr>
    <tr>
      <td>updatedAt</td>
      <td>1970-01-02T10:17:36.789Z</td>
    </tr>
  </tbody>
</table>
`;
